// Jest Snapshot v1, https://goo.gl/fbAQLP

exports[`renders homepage unchanged 1`] = `
<div>
  <div>
    <h1>
      Welcome to next
    </h1>
    <div
      class="scoreBoard"
    >
      <img
        alt="header icon"
      />
      <div
        class="score"
      >
        <h2>
          Score
        </h2>
        <span
          class="scoreValue"
        >
          0
        </span>
      </div>
    </div>
    <div
      class="container"
    >
      <div
        class="hands"
      >
        <div
          class="icon paper"
        >
          <img
            alt="paper image"
          />
        </div>
        <div
          class="icon scissors"
        >
          <img
            alt="scissors image"
          />
        </div>
        <div
          class="icon rock"
        >
          <img
            alt="rock image"
          />
        </div>
      </div>
    </div>
    <footer
      class="footer"
    >
      <div
        class="rules"
      >
        Rules
      </div>
    </footer>
  </div>
</div>
`;
